
> frankendom@0.1.0 test:browser
> node scripts/browser-check.mjs

{
  "url": "https://frankendom.com",
  "physicalPhone": false,
  "errors": [],
  "graphicsRestored": true,
  "afterRestore": {
    "scale": 1,
    "overflow": false,
    "status": "Draw your sword. The warden will counterattack.",
    "health": 100,
    "enemy": 100,
    "stamina": 100
  },
  "guardAfterTellMs": 467.09999990463257,
  "parry": {
    "scale": 1,
    "overflow": false,
    "status": "Parried! The warden is open.",
    "health": 100,
    "enemy": 100,
    "stamina": 100
  },
  "riposte": {
    "scale": 1,
    "overflow": false,
    "status": "Clean riposte hit · −24",
    "health": 100,
    "enemy": 76,
    "stamina": 80
  },
  "kick": {
    "scale": 1,
    "overflow": false,
    "status": "Kick connected · press the opening",
    "health": 100,
    "enemy": 72,
    "stamina": 62.60000000000011
  },
  "bloodModes": [
    "red",
    "dark",
    "off",
    "red"
  ],
  "swipeDeltas": [
    0,
    35
  ],
  "controls": [
    "Controls: weapon disc · flick",
    "Controls: thumb cluster"
  ],
  "unsupportedGPU": "Explicit fallback message and disabled combat; expected initialization error captured with telemetry blocked",
  "passed": true
}
