
> frankendom@0.1.0 quality
> eslint src && npm test && npm run build && npm audit --omit=dev && node scripts/check-budget.mjs && npm run test:browser


> frankendom@0.1.0 test
> node --test tests/*.test.ts

✔ the warden reacts only after its reaction delay: no defensive input can answer an attack it has not yet noticed (10.266125ms)
✔ an unblockable swing it cannot parry or roll is answered with a backstep out of reach (1.762ms)
✔ the warden uses the same combat API: its attacks cost stamina, obey range and resolve through the same contact rules (13.125542ms)
✔ a passive opponent sees a readable opener: at easy and normal the first attack is always a heavy; hard also pressures with lights (99.80325ms)
✔ against a settled guard the warden holds its heavy to the charge that breaks it, and releases as soon as it is charged (3.225167ms)
✔ the warden punishes a whiff with a light and kicks or breaks a standing guard (60.72725ms)
✔ parry frequency follows the profile: a light-spamming player is parried at hard and never by a profile without parries (104.311916ms)
✔ the warden never idles out of reach: a stationary guarding fighter is attacked at least every eight seconds at every level (54.121584ms)
✔ the warden moves with seeded, bounded decisions, stays in the arena and waits for the player to draw (5.069416ms)
✔ the warden reads only committed state: identical duels decide identically, and pending player input changes nothing (2.845125ms)
✔ difficulty changes outcomes through reaction, defence and aggression, not through different rules (87.108875ms)
✔ a landed blow earns a punish window: the warden never counter-attacks the instant its stagger ends (0.294875ms)
✔ posture: a shaky warden gives ground so its bar drains, and finishes a broken player with the critical rather than a riposte (0.241667ms)
✔ the scripted exchange lands every beat in order and is reproducible (16.754917ms)
✔ every event type the exchange emits has a cue probe, and probe names are unique (2.542292ms)
✔ a hosted feedback schedules cues at the scripted time and ignores the offline context state (4.776041ms)
✔ the noise bed is seeded: the same seed fills the same buffer, another seed does not (5.696708ms)
✔ events map to material cues, impacts before air, at most four per tick, and unmapped events stay silent (0.356375ms)
✔ variant rotation is seeded, never repeats the last variant, and reaches every variant (0.147125ms)
✔ the sprite manifest is well-formed and the shipped audio stays inside the lane budget (19.533542ms)
✔ with a decoded sprite, cues play sprite regions on pooled voices; past the cap the soonest-ending voice is stolen (5.788208ms)
✔ a duel reseeds on its draw, so the same fight rolls the same variants and pitches (8.827375ms)
✔ finite blade distance handles crossing, parallel, endpoints and degenerate segments (0.689208ms)
✔ blade contact rejects empty space inside the old broad cone and targets behind the fighter (1.19475ms)
✔ a moving target crossing the blade within a tick cannot tunnel through it (0.085708ms)
✔ locked armed footwork faces the opponent while moving laterally; sweep damage resolves once (1.109208ms)
✔ a miss is reported only after follow-through closes, and late contact still hits once (1.201875ms)
✔ upright blade regions produce deterministic lethal-location data without renderer bones (0.320167ms)
✔ all edge angles and orbit positions keep camera inside scenery (5.645083ms)
✔ locked camera frames both capsules at boundary and near contact in portrait and landscape (10.116167ms)
✔ duel camera frames a moving opponent anywhere in the arena (8.474083ms)
✔ gaits blend continuously, stay normalized and settle to idle at rest (1.408333ms)
✔ shipped skinned warrior has finite poses, grounded walk and bounded running flight (2310.321542ms)
✔ two fighters share geometry but have independent animated bones (100.239792ms)
✔ combat clips and both sword attachments are present and produce finite animated poses (110.119459ms)
✔ the exported blade crosses the target at the simulation contact frame (98.42475ms)
✔ roll and guard keep the shipped body finite, above the floor and within a compact silhouette (727.823917ms)
✔ swing easing remains monotone and preserves the authored contact pose (0.422667ms)
✔ return, heavy and riposte authored blades agree with their contact ticks (88.338959ms)
✔ baked collision paths match the shipped blade throughout every active strike (100.50875ms)
✔ authored strafe loops close cleanly and alternate grounded feet (94.219917ms)
✔ authored kick plants its support foot and extends towards its contact range (94.85375ms)
✔ defence presentation follows confirmed contacts and yields immediately to new actions (0.28725ms)
✔ block recoil and parry visibly redirect the shipped blade and recover their guard pose (92.101333ms)
✔ legacy constant views stay equal to the move data the simulation actually uses (0.735791ms)
✔ the projection mirrors both fighters: phases, resources, threat, results and warden reaction for the renderer (6.838542ms)
✔ the warden threat flag and move drive the incoming warning; the projection exposes what it will do (1.00675ms)
✔ hints prioritise defeat, drawing, threats, exhaustion, warden guard, chains, then expiring notices (6.482334ms)
✔ control gating: actions are accepted when legal or late in a committed move, never after defeat or while exhausted (1.569ms)
✔ defeat freezes the fight and a fresh practice restores everything; the debug readout stays a pure function of state (0.804208ms)
✔ seeded practice replays are identical, never mutate the previous state, and keep both fighters bounded and apart (1292.48875ms)
✔ a parry then a light produces the riposte the browser gate expects, then a close kick lands (0.642416ms)
✔ attack phases: nothing lands before the active window, a hit resolves once, a whiff is reported when the window closes (5.514666ms)
✔ drawing takes its full time, cannot damage, and holds the fighter still like every committed action (1.290541ms)
✔ range and facing produce real misses; lock turns during wind-up but never snaps around (1.747167ms)
✔ enough clean hits kill; death freezes both fighters and rejects every input (3.040459ms)
✔ held guard blocks a facing light for stamina; a guard from behind or without stamina is broken (0.8985ms)
✔ perfect block: a guard raised just in time pays half; a settled guard pays full; a parry window never counts (0.5005ms)
✔ parry succeeds only inside the fresh-press window, staggers the attacker and opens one stronger riposte (0.3995ms)
✔ a fresh parry that meets nothing leaves the fighter exposed: guard is refused until the exposure ends (0.209959ms)
✔ a guard yields to any action: attacks start the same tick from a held guard (0.218959ms)
✔ feint: a fresh guard press early in a wind-up abandons the swing into a parry window for a price (0.450042ms)
✔ guard profile: a shield is data — block cost, arc, window and stopping heavies come from the fighter, defaults from RULES (1.489708ms)
✔ the feint mind-game: a raised guard answers the feint, and a kick opens it (2.442917ms)
✔ directional guard, when enabled, only stops cuts from the matching side (1.114625ms)
✔ roll: bounded invulnerability, one cost, locked direction, no cancel from an attack, cannot be spammed (0.72075ms)
✔ backstep: 0.6 m straight back, still facing, 10 stamina, no invulnerability, cancels into a swing late, holds into a roll (0.747208ms)
✔ stamina: costs at commitment, delayed regeneration, no regeneration while guarding, sprint drain, exhaustion and recovery (1.157834ms)
✔ chain: the opposite cut follows fast inside the window; same side, expired window or a chained cut start fresh (1.018292ms)
✔ chain grammar: a heavy inside a light's window winds up faster; a light out of an evade is a fast dodge-attack (0.840166ms)
✔ counter-hit: a clean hit on a committed swing or a roll's tail lands harder and staggers longer; never through a guard or parry (1.40325ms)
✔ rear hit: striking inside the target's rear arc earns a modest damage and stagger bonus, stacking with a counter (1.206458ms)
✔ guard counter: a heavy thrown straight out of a block is fast and armoured; any attack or a stagger closes the window; a parry punish outranks it (1.609708ms)
✔ charged heavy: holding Heavy pauses the wind-up with hyper-armour; a long enough hold multiplies the swing; early release is a plain heavy (1.540583ms)
✔ buffered input: one action queued in the last ticks of a committed move fires when ready, expires, and clears on cancellation (2.266583ms)
✔ interrupts: a hit stops a wind-up; a heavy past its poise point trades through a light and still lands (1.277958ms)
✔ a guard takes a plain heavy for chip and stamina without staggering; a charged heavy, an empty stamina bar or a kick breaks it; a perfect block stops the chip (1.313542ms)
✔ wounds slow regeneration for a while, refresh without stacking, and only come from unblocked cuts (0.774041ms)
✔ events: every outcome is reported exactly once per contact and the stream is deterministic (230.673084ms)
✔ the same intent sequence replays to the same duel; inputs never mutate the previous state; resources stay bounded (353.072791ms)
✔ thrust: longest reach, fully blockable, a riposte in the punish window; a held thrust or light chambers without ever charging (0.841ms)
✔ posture: blocks, clean hits and being parried fill it; it drains while standing; full = a break with a long stagger and a critical window (1.213208ms)
✔ unlock creates one context inside the gesture and opts into an iOS playback audio session (113.774209ms)
✔ unlock resumes an interrupted context (iOS after a call or app switch), and leaves a running one alone (1.996792ms)
✔ quiet() silences the page: no cue reaches the graph until the next unlock, then cues play again (2.611833ms)
✔ the shell unlocks audio on the events WebKit treats as user activation, not only pointerdown (0.248583ms)
✔ the weapon disc reads a stroke direction: jitter and invalid input are nothing, diagonals resolve to the nearest axis (0.678208ms)
✔ graphics restoration resumes one loop, clears inputs and preserves the current fight (7.203625ms)
✔ a shader error during context loss pauses and then recovers rather than killing the loop (1.382209ms)
✔ unrestored or failed graphics have a manual reload path, with real failures reported (0.906334ms)
✔ repeated and reordered GPU events never multiply the animation loop or recovery timer (2.814417ms)
✔ ordinary render failures are not swallowed as recoverable GPU loss (1.135666ms)
✔ a late draw press buffers one attack, and focus loss cancels it (4.122666ms)
✔ mobile outer-stick sprint stops on cancellation and menu opening pauses combat (1.779625ms)
✔ menu sound and camera controls stay synchronized with desktop controls (0.538958ms)
✔ swipe trial fires once per gesture and clears on cancellation, pause and mode change (5.043458ms)
✔ the thumb cluster is the mobile layout: round buttons incl. a Stab button that thrusts and holds; Controls swaps to the flick disc and back (1.606417ms)
✔ the scorecard tallies fights, wins, rematches and damage per scheme (12.087375ms)
✔ dodge control: a tap is an instant backstep, a hold grows it into a roll, and interruption releases it (5.66925ms)
✔ heavy control: a held key charges the swing and release lets it fly (2.742125ms)
✔ kick input spends once and clears on pointer cancellation or graphics interruption (2.575042ms)
✔ the first match meets the fixed warden and every rematch a differently seeded one (0.580667ms)
✔ a tap that ends before the next tick still lands: only pointercancel withdraws a queued press (lostpointercapture follows every pointerup) (7.7695ms)
✔ the stick never stays pushed: a release delivered outside the pad, a touchend with no fingers, or a new touch all clear it (0.975917ms)
✔ the HUD shows both posture bars and flags a bar near breaking (5.94ms)
✔ combat buttons stay DOM hit targets during cooldown so repeated touches are consumed (27.934875ms)
✔ page declares double-tap suppression without restricting pinch zoom (0.717375ms)
✔ production CSP permits one explicit HTTPS ingest origin, not a wildcard (1.367583ms)
✔ monitoring is disabled without a DSN and excludes high-volume integrations (0.773167ms)
✔ real SDK sends error and release but strips guest identity and request details (44.784917ms)
✔ guest identity and name survive loading a new session (1.283084ms)
✔ broken, wrong-version, mistyped or blocked storage cannot break entry (0.1495ms)
✔ names remove controls, trim and enforce a short visible identity (0.058292ms)
✔ one second walks three metres; diagonals cannot move faster (0.834083ms)
✔ sprint, analog input and camera-relative movement have explicit behavior (0.079375ms)
✔ idle does not mutate caller state and rejects non-finite inputs (0.759417ms)
✔ seeded randomized input replay stays bounded, separated and reproducible (20.246291ms)
✔ sustained input cannot leave arena or enter the target (3.744625ms)
✔ heading interpolation takes short path across wraparound (0.129709ms)
✔ the control trial survives storage that is missing, corrupt or hostile, and round-trips through save (1.416917ms)
✔ the scorecard reads as one line per played scheme with average duel length in seconds (0.152709ms)
ℹ tests 121
ℹ suites 0
ℹ pass 121
ℹ fail 0
ℹ cancelled 0
ℹ skipped 0
ℹ todo 0
ℹ duration_ms 4016.964167

> frankendom@0.1.0 build
> tsc --noEmit && vite build

vite v8.3.0 building client environment for production...
transforming...
✓ 359 modules transformed.
rendering chunks...
computing gzip size...
dist/index.html                       8.77 kB │ gzip:   3.50 kB
dist/assets/sprite-C0AX3jHT.ogg     242.01 kB
dist/assets/sprite-fdKKsYbd.m4a     335.00 kB
dist/assets/warrior-DeDx4vzD.glb  5,864.68 kB
dist/assets/index-BwhicKTf.css       17.57 kB │ gzip:   4.47 kB
dist/assets/index-DUu-6-t3.js       800.45 kB │ gzip: 219.06 kB

✓ built in 178ms
[plugin builtin:vite-reporter] 
(!) Some chunks are larger than 500 kB after minification. Consider:
- Using dynamic import() to code-split the application
- Use build.rolldownOptions.output.codeSplitting to improve chunking: https://rolldown.rs/reference/OutputOptions.codeSplitting
- Adjust chunk size limit for this warning via build.chunkSizeWarningLimit.
found 0 vulnerabilities
All fight-ready assets: 7268506 bytes raw; 4050452 bytes gzip. Budget PASS.

> frankendom@0.1.0 test:browser
> node scripts/browser-check.mjs

{
  "url": "http://127.0.0.1:54414",
  "physicalPhone": false,
  "errors": [],
  "graphicsRestored": true,
  "afterRestore": {
    "scale": 1,
    "overflow": false,
    "status": "Draw your sword. The warden will counterattack.",
    "health": 100,
    "enemy": 100,
    "stamina": 100
  },
  "guardAfterTellMs": 499.89999997615814,
  "parry": {
    "scale": 1,
    "overflow": false,
    "status": "Parried! The warden is open.",
    "health": 100,
    "enemy": 100,
    "stamina": 100
  },
  "riposte": {
    "scale": 1,
    "overflow": false,
    "status": "Clean riposte hit · −24",
    "health": 100,
    "enemy": 76,
    "stamina": 80
  },
  "kick": {
    "scale": 1,
    "overflow": false,
    "status": "Kick connected · press the opening",
    "health": 100,
    "enemy": 72,
    "stamina": 63.800000000000125
  },
  "bloodModes": [
    "red",
    "dark",
    "off",
    "red"
  ],
  "swipeDeltas": [
    35
  ],
  "controls": [
    "Controls: weapon disc · flick",
    "Controls: thumb cluster"
  ],
  "unsupportedGPU": "Explicit fallback message and disabled combat; expected initialization error captured with telemetry blocked",
  "passed": true
}
