
> frankendom@0.1.0 quality
> eslint src && npm test && npm run build && npm audit --omit=dev && node scripts/check-budget.mjs && npm run test:browser


> frankendom@0.1.0 test
> node --test tests/*.test.ts

✔ the warden reacts only after its reaction delay: no defensive input can answer an attack it has not yet noticed (1.603833ms)
✔ an unblockable swing it cannot parry or roll is answered with a backstep out of reach (0.490292ms)
✔ the warden uses the same combat API: its attacks cost stamina, obey range and resolve through the same contact rules (30.903166ms)
✔ a passive opponent sees a readable opener: at easy and normal the first attack is always a heavy; hard also pressures with lights (83.594708ms)
✔ against a settled guard the warden holds its heavy to the charge that breaks it, and releases as soon as it is charged (0.883042ms)
✔ the warden punishes a whiff with a light and kicks or breaks a standing guard (11.1125ms)
✔ parry frequency follows the profile: a light-spamming player is parried at hard and never by a profile without parries (95.423958ms)
✔ the warden never idles out of reach: a stationary guarding fighter is attacked at least every eight seconds at every level (27.879042ms)
✔ the warden moves with seeded, bounded decisions, stays in the arena and waits for the player to draw (16.782292ms)
✔ the warden reads only committed state: identical duels decide identically, and pending player input changes nothing (0.178792ms)
✔ difficulty changes outcomes through reaction, defence and aggression, not through different rules (102.607ms)
✔ a landed blow earns a punish window: the warden never counter-attacks the instant its stagger ends (1.169209ms)
✔ the scripted exchange lands every beat in order and is reproducible (18.636875ms)
✔ every event type the exchange emits has a cue probe, and probe names are unique (1.48275ms)
✔ a hosted feedback schedules cues at the scripted time and ignores the offline context state (0.815ms)
✔ the noise bed is seeded: the same seed fills the same buffer, another seed does not (1.018417ms)
✔ finite blade distance handles crossing, parallel, endpoints and degenerate segments (2.304625ms)
✔ blade contact rejects empty space inside the old broad cone and targets behind the fighter (1.502042ms)
✔ a moving target crossing the blade within a tick cannot tunnel through it (0.148958ms)
✔ locked armed footwork faces the opponent while moving laterally; sweep damage resolves once (1.730875ms)
✔ a miss is reported only after follow-through closes, and late contact still hits once (2.67325ms)
✔ upright blade regions produce deterministic lethal-location data without renderer bones (0.238ms)
✔ all edge angles and orbit positions keep camera inside scenery (9.5085ms)
✔ locked camera frames both capsules at boundary and near contact in portrait and landscape (15.838291ms)
✔ duel camera frames a moving opponent anywhere in the arena (10.198042ms)
✔ gaits blend continuously, stay normalized and settle to idle at rest (3.894042ms)
✔ shipped skinned warrior has finite poses, grounded walk and bounded running flight (1938.139125ms)
✔ two fighters share geometry but have independent animated bones (95.573834ms)
✔ combat clips and both sword attachments are present and produce finite animated poses (98.215ms)
✔ the exported blade crosses the target at the simulation contact frame (93.437958ms)
✔ roll and guard keep the shipped body finite, above the floor and within a compact silhouette (667.013625ms)
✔ swing easing remains monotone and preserves the authored contact pose (0.409708ms)
✔ return, heavy and riposte authored blades agree with their contact ticks (94.333792ms)
✔ baked collision paths match the shipped blade throughout every active strike (88.627291ms)
✔ authored strafe loops close cleanly and alternate grounded feet (94.382625ms)
✔ authored kick plants its support foot and extends towards its contact range (97.9ms)
✔ defence presentation follows confirmed contacts and yields immediately to new actions (0.586583ms)
✔ block recoil and parry visibly redirect the shipped blade and recover their guard pose (93.201083ms)
✔ legacy constant views stay equal to the move data the simulation actually uses (0.636417ms)
✔ the projection mirrors both fighters: phases, resources, threat, results and warden reaction for the renderer (2.221791ms)
✔ the warden threat flag and move drive the incoming warning; the projection exposes what it will do (3.269375ms)
✔ hints prioritise defeat, drawing, threats, exhaustion, warden guard, chains, then expiring notices (2.568542ms)
✔ control gating: actions are accepted when legal or late in a committed move, never after defeat or while exhausted (0.406208ms)
✔ defeat freezes the fight and a fresh practice restores everything; the debug readout stays a pure function of state (0.492041ms)
✔ seeded practice replays are identical, never mutate the previous state, and keep both fighters bounded and apart (1097.092125ms)
✔ a parry then a light produces the riposte the browser gate expects, then a close kick lands (0.33425ms)
✔ attack phases: nothing lands before the active window, a hit resolves once, a whiff is reported when the window closes (29.174458ms)
✔ drawing takes its full time, cannot damage, and holds the fighter still like every committed action (1.500458ms)
✔ range and facing produce real misses; lock turns during wind-up but never snaps around (8.753917ms)
✔ enough clean hits kill; death freezes both fighters and rejects every input (6.686042ms)
✔ held guard blocks a facing light for stamina; a guard from behind or without stamina is broken (1.392917ms)
✔ perfect block: a guard raised just in time pays half; a settled guard pays full; a parry window never counts (8.016333ms)
✔ parry succeeds only inside the fresh-press window, staggers the attacker and opens one stronger riposte (2.303833ms)
✔ a fresh parry that meets nothing leaves the fighter exposed: guard is refused until the exposure ends (1.850417ms)
✔ a guard yields to any action: attacks start the same tick from a held guard (0.684833ms)
✔ feint: a fresh guard press early in a wind-up abandons the swing into a parry window for a price (0.885541ms)
✔ guard profile: a shield is data — block cost, arc, window and stopping heavies come from the fighter, defaults from RULES (1.12325ms)
✔ the feint mind-game: a raised guard answers the feint, and a kick opens it (2.239083ms)
✔ directional guard, when enabled, only stops cuts from the matching side (0.915875ms)
✔ roll: bounded invulnerability, one cost, locked direction, no cancel from an attack, cannot be spammed (0.752416ms)
✔ backstep: 0.6 m straight back, still facing, 10 stamina, no invulnerability, cancels into a swing late, holds into a roll (0.962791ms)
✔ stamina: costs at commitment, delayed regeneration, no regeneration while guarding, sprint drain, exhaustion and recovery (1.551625ms)
✔ chain: the opposite cut follows fast inside the window; same side, expired window or a chained cut start fresh (4.272417ms)
✔ chain grammar: a heavy inside a light's window winds up faster; a light out of an evade is a fast dodge-attack (1.226667ms)
✔ counter-hit: a clean hit on a committed swing or a roll's tail lands harder and staggers longer; never through a guard or parry (2.143833ms)
✔ rear hit: striking inside the target's rear arc earns a modest damage and stagger bonus, stacking with a counter (0.410667ms)
✔ guard counter: a heavy thrown straight out of a block is fast and armoured; any attack or a stagger closes the window; a parry punish outranks it (1.974083ms)
✔ charged heavy: holding Heavy pauses the wind-up with hyper-armour; a long enough hold multiplies the swing; early release is a plain heavy (1.621125ms)
✔ buffered input: one action queued in the last ticks of a committed move fires when ready, expires, and clears on cancellation (2.076416ms)
✔ interrupts: a hit stops a wind-up; a heavy past its poise point trades through a light and still lands (0.92625ms)
✔ a guard takes a plain heavy for chip and stamina without staggering; a charged heavy, an empty stamina bar or a kick breaks it; a perfect block stops the chip (1.331ms)
✔ wounds slow regeneration for a while, refresh without stacking, and only come from unblocked cuts (0.679708ms)
✔ events: every outcome is reported exactly once per contact and the stream is deterministic (187.797916ms)
✔ the same intent sequence replays to the same duel; inputs never mutate the previous state; resources stay bounded (316.3565ms)
✔ unlock creates one context inside the gesture and opts into an iOS playback audio session (32.058833ms)
✔ unlock resumes an interrupted context (iOS after a call or app switch), and leaves a running one alone (11.9335ms)
✔ the shell unlocks audio on the events WebKit treats as user activation, not only pointerdown (0.247792ms)
✔ gesture trial distinguishes deliberate attacks from jitter, diagonals and invalid input (1.722958ms)
✔ graphics restoration resumes one loop, clears inputs and preserves the current fight (7.4335ms)
✔ a shader error during context loss pauses and then recovers rather than killing the loop (1.453042ms)
✔ unrestored or failed graphics have a manual reload path, with real failures reported (1.1095ms)
✔ repeated and reordered GPU events never multiply the animation loop or recovery timer (6.290458ms)
✔ ordinary render failures are not swallowed as recoverable GPU loss (0.682125ms)
✔ a late draw press buffers one attack, and focus loss cancels it (1.990667ms)
✔ mobile outer-stick sprint stops on cancellation and menu opening pauses combat (2.422291ms)
✔ menu sound and camera controls stay synchronized with desktop controls (1.116792ms)
✔ swipe trial fires once per gesture and clears on cancellation, pause and mode change (3.547542ms)
✔ dodge control: a tap is an instant backstep, a hold grows it into a roll, and interruption releases it (6.749ms)
✔ heavy control: a held key charges the swing and release lets it fly (3.175ms)
✔ kick input spends once and clears on pointer cancellation or graphics interruption (4.476208ms)
✔ combat buttons stay DOM hit targets during cooldown so repeated touches are consumed (26.732125ms)
✔ page declares double-tap suppression without restricting pinch zoom (0.303208ms)
✔ production CSP permits one explicit HTTPS ingest origin, not a wildcard (0.749167ms)
✔ monitoring is disabled without a DSN and excludes high-volume integrations (0.602833ms)
✔ real SDK sends error and release but strips guest identity and request details (52.76225ms)
✔ guest identity and name survive loading a new session (1.13325ms)
✔ broken, wrong-version, mistyped or blocked storage cannot break entry (0.122625ms)
✔ names remove controls, trim and enforce a short visible identity (0.056417ms)
✔ one second walks three metres; diagonals cannot move faster (0.770625ms)
✔ sprint, analog input and camera-relative movement have explicit behavior (0.739958ms)
✔ idle does not mutate caller state and rejects non-finite inputs (1.447459ms)
✔ seeded randomized input replay stays bounded, separated and reproducible (18.47425ms)
✔ sustained input cannot leave arena or enter the target (3.340584ms)
✔ heading interpolation takes short path across wraparound (0.1565ms)
ℹ tests 104
ℹ suites 0
ℹ pass 104
ℹ fail 0
ℹ cancelled 0
ℹ skipped 0
ℹ todo 0
ℹ duration_ms 3641.849209

> frankendom@0.1.0 build
> tsc --noEmit && vite build

vite v8.3.0 building client environment for production...
transforming...
✓ 355 modules transformed.
rendering chunks...
computing gzip size...
dist/index.html                       7.89 kB │ gzip:   3.20 kB
dist/assets/warrior-BH7nYJSu.glb  5,852.82 kB
dist/assets/index-Dgrr0ya2.css       15.02 kB │ gzip:   3.98 kB
dist/assets/index-hHJymS3N.js       715.20 kB │ gzip: 189.80 kB

✓ built in 550ms
[plugin builtin:vite-reporter] 
(!) Some chunks are larger than 500 kB after minification. Consider:
- Using dynamic import() to code-split the application
- Use build.rolldownOptions.output.codeSplitting to improve chunking: https://rolldown.rs/reference/OutputOptions.codeSplitting
- Adjust chunk size limit for this warning via build.chunkSizeWarningLimit.
found 0 vulnerabilities
All fight-ready assets: 6590958 bytes raw; 3463509 bytes gzip. Budget PASS.

> frankendom@0.1.0 test:browser
> node scripts/browser-check.mjs

{
  "url": "http://127.0.0.1:63554",
  "physicalPhone": false,
  "errors": [],
  "graphicsRestored": true,
  "afterRestore": {
    "scale": 1,
    "overflow": false,
    "status": "Draw your sword. The warden will counterattack.",
    "health": 100,
    "enemy": 100,
    "stamina": 100
  },
  "guardAfterTellMs": 466.6999999284744,
  "parry": {
    "scale": 1,
    "overflow": false,
    "status": "Parried! The warden is open.",
    "health": 100,
    "enemy": 100,
    "stamina": 100
  },
  "riposte": {
    "scale": 1,
    "overflow": false,
    "status": "Clean riposte hit · −24",
    "health": 100,
    "enemy": 76,
    "stamina": 80
  },
  "kick": {
    "scale": 1,
    "overflow": false,
    "status": "Kick connected · press the opening",
    "health": 100,
    "enemy": 72,
    "stamina": 63.000000000000114
  },
  "bloodModes": [
    "red",
    "dark",
    "off",
    "red"
  ],
  "swipeDeltas": [
    0,
    35
  ],
  "unsupportedGPU": "Explicit fallback message and disabled combat; expected initialization error captured with telemetry blocked",
  "passed": true
}
