Checking roster: veteran
Checking roster: pitborn
Checking roster: goblin
Checking roster: nightborn
Checking roster: executioner
{
  "url": "http://127.0.0.1:60540",
  "physicalPhone": false,
  "opponents": [
    {
      "id": "veteran",
      "enemy": 150,
      "overflow": false,
      "welcome": true,
      "rigs": [
        {
          "url": "http://127.0.0.1:60540/assets/veteran-BU0uESeV.glb",
          "status": 200
        },
        {
          "url": "http://127.0.0.1:60540/assets/warrior-BPhwPfKJ.glb",
          "status": 200
        }
      ]
    },
    {
      "id": "pitborn",
      "enemy": 190,
      "overflow": false,
      "welcome": true,
      "rigs": [
        {
          "url": "http://127.0.0.1:60540/assets/warrior-BPhwPfKJ.glb",
          "status": 200
        },
        {
          "url": "http://127.0.0.1:60540/assets/pitborn-BGks6ad5.glb",
          "status": 200
        }
      ]
    },
    {
      "id": "goblin",
      "enemy": 120,
      "overflow": false,
      "welcome": true,
      "rigs": [
        {
          "url": "http://127.0.0.1:60540/assets/warrior-BPhwPfKJ.glb",
          "status": 200
        },
        {
          "url": "http://127.0.0.1:60540/assets/goblin-DDxfN6W7.glb",
          "status": 200
        }
      ]
    },
    {
      "id": "nightborn",
      "enemy": 150,
      "overflow": false,
      "welcome": true,
      "rigs": [
        {
          "url": "http://127.0.0.1:60540/assets/warrior-BPhwPfKJ.glb",
          "status": 200
        },
        {
          "url": "http://127.0.0.1:60540/assets/nightborn-DZq2wWoM.glb",
          "status": 200
        }
      ]
    },
    {
      "id": "executioner",
      "enemy": 160,
      "overflow": false,
      "welcome": true,
      "rigs": [
        {
          "url": "http://127.0.0.1:60540/assets/warrior-BPhwPfKJ.glb",
          "status": 200
        },
        {
          "url": "http://127.0.0.1:60540/assets/executioner-6Rn02AiA.glb",
          "status": 200
        }
      ]
    }
  ],
  "errors": [],
  "migration": {
    "version": 1,
    "id": "catalogue-guest-123",
    "name": "Aldren",
    "encounter": "goblin",
    "career": {
      "victoryMarks": 12
    },
    "ladder": "goblin"
  },
  "passed": true
}
