
> frankendom@0.1.0 quality
> eslint src && npm test && npm run build && npm audit --omit=dev && node scripts/check-budget.mjs && npm run test:browser


> frankendom@0.1.0 test
> node --test tests/*.test.ts

✔ the warden reacts only after its reaction delay: no defensive input can answer an attack it has not yet noticed (22.536042ms)
✔ an unblockable swing it cannot parry or roll is answered with a backstep out of reach (1.076ms)
✔ the warden uses the same combat API: its attacks cost stamina, obey range and resolve through the same contact rules (3.255458ms)
✔ a passive opponent sees a readable opener: at easy and normal the first attack is always a heavy; hard also pressures with lights (73.536709ms)
✔ against a settled guard the warden holds its heavy to the charge that breaks it, and releases as soon as it is charged (2.123791ms)
✔ the warden punishes a whiff with a light and kicks or breaks a standing guard (17.859ms)
✔ parry frequency follows the profile: a light-spamming player is parried at hard and never by a profile without parries (116.649792ms)
✔ the warden never idles out of reach: a stationary guarding fighter is attacked at least every eight seconds at every level (30.657791ms)
✔ the warden moves with seeded, bounded decisions, stays in the arena and waits for the player to draw (5.452541ms)
✔ the warden reads only committed state: identical duels decide identically, and pending player input changes nothing (0.167042ms)
✔ difficulty changes outcomes through reaction, defence and aggression, not through different rules (70.739375ms)
✔ a landed blow earns a punish window: the warden never counter-attacks the instant its stagger ends (0.672084ms)
✔ the scripted exchange lands every beat in order and is reproducible (28.52325ms)
✔ every event type the exchange emits has a cue probe, and probe names are unique (2.721ms)
✔ a hosted feedback schedules cues at the scripted time and ignores the offline context state (6.04275ms)
✔ the noise bed is seeded: the same seed fills the same buffer, another seed does not (13.951792ms)
✔ events map to material cues, impacts before air, at most four per tick, and unmapped events stay silent (0.361291ms)
✔ variant rotation is seeded, never repeats the last variant, and reaches every variant (0.131ms)
✔ the sprite manifest is well-formed and the shipped audio stays inside the lane budget (10.80025ms)
✔ with a decoded sprite, cues play sprite regions on pooled voices; past the cap the soonest-ending voice is stolen (5.726417ms)
✔ a duel reseeds on its draw, so the same fight rolls the same variants and pitches (3.962542ms)
✔ finite blade distance handles crossing, parallel, endpoints and degenerate segments (0.649708ms)
✔ blade contact rejects empty space inside the old broad cone and targets behind the fighter (1.273ms)
✔ a moving target crossing the blade within a tick cannot tunnel through it (0.086875ms)
✔ locked armed footwork faces the opponent while moving laterally; sweep damage resolves once (0.922166ms)
✔ a miss is reported only after follow-through closes, and late contact still hits once (1.173458ms)
✔ upright blade regions produce deterministic lethal-location data without renderer bones (0.249916ms)
✔ all edge angles and orbit positions keep camera inside scenery (4.645792ms)
✔ locked camera frames both capsules at boundary and near contact in portrait and landscape (5.066791ms)
✔ duel camera frames a moving opponent anywhere in the arena (10.193709ms)
✔ gaits blend continuously, stay normalized and settle to idle at rest (2.216375ms)
✔ shipped skinned warrior has finite poses, grounded walk and bounded running flight (1833.699792ms)
✔ two fighters share geometry but have independent animated bones (91.558709ms)
✔ combat clips and both sword attachments are present and produce finite animated poses (96.202333ms)
✔ the exported blade crosses the target at the simulation contact frame (94.954417ms)
✔ roll and guard keep the shipped body finite, above the floor and within a compact silhouette (634.779417ms)
✔ swing easing remains monotone and preserves the authored contact pose (0.400542ms)
✔ return, heavy and riposte authored blades agree with their contact ticks (87.345458ms)
✔ baked collision paths match the shipped blade throughout every active strike (87.160625ms)
✔ authored strafe loops close cleanly and alternate grounded feet (89.764708ms)
✔ authored kick plants its support foot and extends towards its contact range (86.344709ms)
✔ defence presentation follows confirmed contacts and yields immediately to new actions (0.266459ms)
✔ block recoil and parry visibly redirect the shipped blade and recover their guard pose (91.018375ms)
✔ legacy constant views stay equal to the move data the simulation actually uses (0.616875ms)
✔ the projection mirrors both fighters: phases, resources, threat, results and warden reaction for the renderer (2.139833ms)
✔ the warden threat flag and move drive the incoming warning; the projection exposes what it will do (4.245959ms)
✔ hints prioritise defeat, drawing, threats, exhaustion, warden guard, chains, then expiring notices (2.636333ms)
✔ control gating: actions are accepted when legal or late in a committed move, never after defeat or while exhausted (0.403583ms)
✔ defeat freezes the fight and a fresh practice restores everything; the debug readout stays a pure function of state (0.497042ms)
✔ seeded practice replays are identical, never mutate the previous state, and keep both fighters bounded and apart (1017.44375ms)
✔ a parry then a light produces the riposte the browser gate expects, then a close kick lands (0.36ms)
✔ attack phases: nothing lands before the active window, a hit resolves once, a whiff is reported when the window closes (5.455167ms)
✔ drawing takes its full time, cannot damage, and holds the fighter still like every committed action (1.329542ms)
✔ range and facing produce real misses; lock turns during wind-up but never snaps around (1.931208ms)
✔ enough clean hits kill; death freezes both fighters and rejects every input (2.007584ms)
✔ held guard blocks a facing light for stamina; a guard from behind or without stamina is broken (0.407584ms)
✔ perfect block: a guard raised just in time pays half; a settled guard pays full; a parry window never counts (0.766083ms)
✔ parry succeeds only inside the fresh-press window, staggers the attacker and opens one stronger riposte (0.795292ms)
✔ a fresh parry that meets nothing leaves the fighter exposed: guard is refused until the exposure ends (0.386084ms)
✔ a guard yields to any action: attacks start the same tick from a held guard (0.417542ms)
✔ feint: a fresh guard press early in a wind-up abandons the swing into a parry window for a price (0.870458ms)
✔ guard profile: a shield is data — block cost, arc, window and stopping heavies come from the fighter, defaults from RULES (1.623084ms)
✔ the feint mind-game: a raised guard answers the feint, and a kick opens it (7.690541ms)
✔ directional guard, when enabled, only stops cuts from the matching side (0.386ms)
✔ roll: bounded invulnerability, one cost, locked direction, no cancel from an attack, cannot be spammed (0.306ms)
✔ backstep: 0.6 m straight back, still facing, 10 stamina, no invulnerability, cancels into a swing late, holds into a roll (0.39075ms)
✔ stamina: costs at commitment, delayed regeneration, no regeneration while guarding, sprint drain, exhaustion and recovery (3.86075ms)
✔ chain: the opposite cut follows fast inside the window; same side, expired window or a chained cut start fresh (17.472ms)
✔ chain grammar: a heavy inside a light's window winds up faster; a light out of an evade is a fast dodge-attack (1.70175ms)
✔ counter-hit: a clean hit on a committed swing or a roll's tail lands harder and staggers longer; never through a guard or parry (1.078417ms)
✔ rear hit: striking inside the target's rear arc earns a modest damage and stagger bonus, stacking with a counter (1.118792ms)
✔ guard counter: a heavy thrown straight out of a block is fast and armoured; any attack or a stagger closes the window; a parry punish outranks it (0.971583ms)
✔ charged heavy: holding Heavy pauses the wind-up with hyper-armour; a long enough hold multiplies the swing; early release is a plain heavy (1.536792ms)
✔ buffered input: one action queued in the last ticks of a committed move fires when ready, expires, and clears on cancellation (2.903ms)
✔ interrupts: a hit stops a wind-up; a heavy past its poise point trades through a light and still lands (2.178208ms)
✔ a guard takes a plain heavy for chip and stamina without staggering; a charged heavy, an empty stamina bar or a kick breaks it; a perfect block stops the chip (1.227917ms)
✔ wounds slow regeneration for a while, refresh without stacking, and only come from unblocked cuts (0.705125ms)
✔ events: every outcome is reported exactly once per contact and the stream is deterministic (260.740416ms)
✔ the same intent sequence replays to the same duel; inputs never mutate the previous state; resources stay bounded (235.481333ms)
✔ thrust: longest reach, fully blockable, a riposte in the punish window; a held thrust or light chambers without ever charging (0.538667ms)
✔ unlock creates one context inside the gesture and opts into an iOS playback audio session (69.707667ms)
✔ unlock resumes an interrupted context (iOS after a call or app switch), and leaves a running one alone (4.072ms)
✔ quiet() silences the page: no cue reaches the graph until the next unlock, then cues play again (2.411958ms)
✔ the shell unlocks audio on the events WebKit treats as user activation, not only pointerdown (0.224333ms)
✔ the weapon disc reads a stroke direction: jitter and invalid input are nothing, diagonals resolve to the nearest axis (0.561541ms)
✔ graphics restoration resumes one loop, clears inputs and preserves the current fight (4.181333ms)
✔ a shader error during context loss pauses and then recovers rather than killing the loop (0.657375ms)
✔ unrestored or failed graphics have a manual reload path, with real failures reported (0.490375ms)
✔ repeated and reordered GPU events never multiply the animation loop or recovery timer (2.157958ms)
✔ ordinary render failures are not swallowed as recoverable GPU loss (0.533417ms)
✔ a late draw press buffers one attack, and focus loss cancels it (1.608959ms)
✔ mobile outer-stick sprint stops on cancellation and menu opening pauses combat (1.534792ms)
✔ menu sound and camera controls stay synchronized with desktop controls (0.479166ms)
✔ swipe trial fires once per gesture and clears on cancellation, pause and mode change (4.947417ms)
✔ weapon disc grammars: flick strikes at once; drag loads and releases without charging; drag with hold charges; back to centre feints (3.526416ms)
✔ v5 thumb cluster: round buttons incl. a Stab button that thrusts and holds; v6 segmented disc: a tap toward a sector attacks, the thumb staying down charges (4.929625ms)
✔ the scorecard tallies fights, wins, rematches and damage per scheme (4.791209ms)
✔ dodge control: a tap is an instant backstep, a hold grows it into a roll, and interruption releases it (2.685416ms)
✔ heavy control: a held key charges the swing and release lets it fly (1.295458ms)
✔ kick input spends once and clears on pointer cancellation or graphics interruption (1.555416ms)
✔ the first match meets the fixed warden and every rematch a differently seeded one (0.406333ms)
✔ a tap that ends before the next tick still lands: only pointercancel withdraws a queued press (lostpointercapture follows every pointerup) (3.350459ms)
✔ combat buttons stay DOM hit targets during cooldown so repeated touches are consumed (18.030292ms)
✔ page declares double-tap suppression without restricting pinch zoom (0.503208ms)
✔ production CSP permits one explicit HTTPS ingest origin, not a wildcard (0.741917ms)
✔ monitoring is disabled without a DSN and excludes high-volume integrations (0.588ms)
✔ real SDK sends error and release but strips guest identity and request details (34.19325ms)
✔ guest identity and name survive loading a new session (1.231125ms)
✔ broken, wrong-version, mistyped or blocked storage cannot break entry (0.14125ms)
✔ names remove controls, trim and enforce a short visible identity (0.0545ms)
✔ one second walks three metres; diagonals cannot move faster (2.287916ms)
✔ sprint, analog input and camera-relative movement have explicit behavior (0.284125ms)
✔ idle does not mutate caller state and rejects non-finite inputs (1.145083ms)
✔ seeded randomized input replay stays bounded, separated and reproducible (15.29175ms)
✔ sustained input cannot leave arena or enter the target (3.017542ms)
✔ heading interpolation takes short path across wraparound (0.063375ms)
✔ the control trial survives storage that is missing, corrupt or hostile, and round-trips through save (1.231083ms)
✔ the scorecard reads as one line per played scheme with average duel length in seconds (0.14425ms)
ℹ tests 118
ℹ suites 0
ℹ pass 118
ℹ fail 0
ℹ cancelled 0
ℹ skipped 0
ℹ todo 0
ℹ duration_ms 3443.171

> frankendom@0.1.0 build
> tsc --noEmit && vite build

vite v8.3.0 building client environment for production...
transforming...
✓ 359 modules transformed.
rendering chunks...
computing gzip size...
dist/index.html                       8.88 kB │ gzip:   3.60 kB
dist/assets/sprite-CYyJAomj.ogg     160.62 kB
dist/assets/sprite-CWffT_Xp.m4a     234.49 kB
dist/assets/warrior-8waG5FgG.glb  5,852.15 kB
dist/assets/index-C1NJXrph.css       17.02 kB │ gzip:   4.36 kB
dist/assets/index-CVtsRRE7.js       799.19 kB │ gzip: 218.87 kB

✓ built in 159ms
[plugin builtin:vite-reporter] 
(!) Some chunks are larger than 500 kB after minification. Consider:
- Using dynamic import() to code-split the application
- Use build.rolldownOptions.output.codeSplitting to improve chunking: https://rolldown.rs/reference/OutputOptions.codeSplitting
- Adjust chunk size limit for this warning via build.chunkSizeWarningLimit.
found 0 vulnerabilities
All fight-ready assets: 7072382 bytes raw; 3854303 bytes gzip. Budget PASS.

> frankendom@0.1.0 test:browser
> node scripts/browser-check.mjs

{
  "url": "http://127.0.0.1:50138",
  "physicalPhone": false,
  "errors": [],
  "graphicsRestored": true,
  "afterRestore": {
    "scale": 1,
    "overflow": false,
    "status": "Draw your sword. The warden will counterattack.",
    "health": 100,
    "enemy": 100,
    "stamina": 100
  },
  "guardAfterTellMs": 465.8000000715256,
  "parry": {
    "scale": 1,
    "overflow": false,
    "status": "Parried! The warden is open.",
    "health": 100,
    "enemy": 100,
    "stamina": 100
  },
  "riposte": {
    "scale": 1,
    "overflow": false,
    "status": "Clean riposte hit · −24",
    "health": 100,
    "enemy": 76,
    "stamina": 80
  },
  "kick": {
    "scale": 1,
    "overflow": false,
    "status": "Kick connected · press the opening",
    "health": 100,
    "enemy": 72,
    "stamina": 62.60000000000011
  },
  "bloodModes": [
    "red",
    "dark",
    "off",
    "red"
  ],
  "swipeDeltas": [
    0,
    35
  ],
  "controls": [
    "Controls: disc · flick (v1)",
    "Controls: disc · drag & release (v2)",
    "Controls: disc · drag & release · hold to charge (v3)",
    "Controls: thumb cluster · round buttons (v5)",
    "Controls: segmented disc · tap a sector (v6)",
    "Controls: buttons"
  ],
  "unsupportedGPU": "Explicit fallback message and disabled combat; expected initialization error captured with telemetry blocked",
  "passed": true
}

Published 83ae5730d702e638025b467f07787037ec7ecd2c
